Already up to date.
Already up to date.
Already up to date.
Already up to date.
Already up to date.
Already up to date.
Already up to date.
Already up to date.
Already up to date.
Already up to date.
Already up to date.
Already up to date.
Already up to date.
Already up to date.
Already up to date.
Already up to date.
Already up to date.
Already up to date.
Already up to date.
Already up to date.
Already up to date.
Already up to date.
Already up to date.
Already up to date.
Already up to date.
Already up to date.
Already up to date.
Already up to date.
Already up to date.
Already up to date.
Already up to date.
Already up to date.
Already up to date.
Already up to date.
Already up to date.
Already up to date.
Already up to date.
Already up to date.
Already up to date.
Already up to date.
Already up to date.
Already up to date.
Already up to date.
Already up to date.
Already up to date.
Already up to date.
Already up to date.
Already up to date.
Already up to date.
Already up to date.
Already up to date.
Already up to date.
Already up to date.
Already up to date.
Already up to date.
Already up to date.
error: Your local changes to the following files would be overwritten by merge:
	scripts/auto-restart.sh
Please commit your changes or stash them before you merge.
Aborting
Updating 9980f53..e1a8ba6
error: Your local changes to the following files would be overwritten by merge:
	scripts/auto-restart.sh
Please commit your changes or stash them before you merge.
Aborting
Updating 9980f53..e1a8ba6
-bash: line 1: /home/ubuntu/translation-bot/scripts/auto-restart.sh: Permission denied
-bash: line 1: /home/ubuntu/translation-bot/scripts/auto-restart.sh: Permission denied
Already up to date.
